Archive member included to satisfy reference by file (symbol)

/home/hoosiertransfer/htos/toolchain/i686-elf/lib/gcc/i686-elf/11.3.0/libgcc.a(_udivdi3.o)
                              /home/hoosiertransfer/htos/build/stage2/c/stdio.obj (__udivdi3)
/home/hoosiertransfer/htos/toolchain/i686-elf/lib/gcc/i686-elf/11.3.0/libgcc.a(_umoddi3.o)
                              /home/hoosiertransfer/htos/build/stage2/c/stdio.obj (__umoddi3)

Memory Configuration

Name             Origin             Length             Attributes
*default*        0x0000000000000000 0xffffffffffffffff

Linker script and memory map

LOAD /home/hoosiertransfer/htos/build/stage2/asm/entry.obj
LOAD /home/hoosiertransfer/htos/build/stage2/asm/x86.obj
LOAD /home/hoosiertransfer/htos/build/stage2/c/ctype.obj
LOAD /home/hoosiertransfer/htos/build/stage2/c/disk.obj
LOAD /home/hoosiertransfer/htos/build/stage2/c/fat.obj
LOAD /home/hoosiertransfer/htos/build/stage2/c/main.obj
LOAD /home/hoosiertransfer/htos/build/stage2/c/memory.obj
LOAD /home/hoosiertransfer/htos/build/stage2/c/stdio.obj
LOAD /home/hoosiertransfer/htos/build/stage2/c/string.obj
LOAD /home/hoosiertransfer/htos/toolchain/i686-elf/lib/gcc/i686-elf/11.3.0/libgcc.a
                0x0000000000000500                phys = 0x500
                0x0000000000000500                . = phys

.entry          0x0000000000000500       0xc0
                0x0000000000000500                __entry_start = .
 *(.entry)
 .entry         0x0000000000000500       0xc0 /home/hoosiertransfer/htos/build/stage2/asm/entry.obj
                0x0000000000000500                entry

.text           0x00000000000005c0     0x1c90
                0x00000000000005c0                __text_start = .
 *(.text)
 .text          0x00000000000005c0      0x1a5 /home/hoosiertransfer/htos/build/stage2/asm/x86.obj
                0x00000000000005c0                x86_outb
                0x00000000000005cb                x86_inb
                0x00000000000005d4                x86_Disk_GetDriveParams
                0x0000000000000697                x86_Disk_Reset
                0x00000000000006e7                x86_Disk_Read
 .text          0x0000000000000765       0x55 /home/hoosiertransfer/htos/build/stage2/c/ctype.obj
                0x0000000000000765                islower
                0x000000000000078e                toupper
 .text          0x00000000000007ba      0x199 /home/hoosiertransfer/htos/build/stage2/c/disk.obj
                0x00000000000007ba                disk_Initialize
                0x000000000000082a                disk_LBA2CHS
                0x00000000000008b7                disk_ReadSectors
 .text          0x0000000000000953      0x9ce /home/hoosiertransfer/htos/build/stage2/c/fat.obj
                0x0000000000000953                fat_readBootSector
                0x0000000000000970                fat_ReadFat
                0x00000000000009a4                fat_Initialize
                0x0000000000000bd8                fat_ClusterToLba
                0x0000000000000bf9                fat_OpenEntry
                0x0000000000000d5f                fat_NextCluster
                0x0000000000000dac                fat_Read
                0x0000000000001000                fat_ReadEntry
                0x0000000000001021                fat_Close
                0x000000000000106f                fat_findFile
                0x00000000000011d4                fat_Open
 .text          0x0000000000001321       0xf2 /home/hoosiertransfer/htos/build/stage2/c/main.obj
                0x0000000000001321                start
 .text          0x0000000000001413       0xf5 /home/hoosiertransfer/htos/build/stage2/c/memory.obj
                0x0000000000001413                memcpy
                0x0000000000001465                memset
                0x00000000000014a8                memcmp
 .text          0x0000000000001508      0xa0b /home/hoosiertransfer/htos/build/stage2/c/stdio.obj
                0x0000000000001508                putchr
                0x0000000000001537                putchrcolor
                0x000000000000158f                putcolor
                0x00000000000015c1                getchr
                0x00000000000015e3                getcolor
                0x0000000000001608                setcursor
                0x0000000000001679                clrscr
                0x0000000000001707                scrollback
                0x00000000000017f5                putc
                0x000000000000190c                putcol
                0x0000000000001a20                puts
                0x0000000000001a4f                printf_unsigned
                0x0000000000001b08                printf_signed
                0x0000000000001b65                printf
                0x0000000000001e7a                print_buffer
 .text          0x0000000000001f13       0xb6 /home/hoosiertransfer/htos/build/stage2/c/string.obj
                0x0000000000001f13                strchr
                0x0000000000001f51                strcpy
                0x0000000000001fa3                strlen
 *fill*         0x0000000000001fc9        0x7 
 .text          0x0000000000001fd0      0x12a /home/hoosiertransfer/htos/toolchain/i686-elf/lib/gcc/i686-elf/11.3.0/libgcc.a(_udivdi3.o)
                0x0000000000001fd0                __udivdi3
 *fill*         0x00000000000020fa        0x6 
 .text          0x0000000000002100      0x150 /home/hoosiertransfer/htos/toolchain/i686-elf/lib/gcc/i686-elf/11.3.0/libgcc.a(_umoddi3.o)
                0x0000000000002100                __umoddi3

.data           0x0000000000002250        0xc
                0x0000000000002250                __data_start = .
 *(.data)
 .data          0x0000000000002250        0x0 /home/hoosiertransfer/htos/build/stage2/c/ctype.obj
 .data          0x0000000000002250        0x0 /home/hoosiertransfer/htos/build/stage2/c/disk.obj
 .data          0x0000000000002250        0x0 /home/hoosiertransfer/htos/build/stage2/c/fat.obj
 .data          0x0000000000002250        0x8 /home/hoosiertransfer/htos/build/stage2/c/main.obj
                0x0000000000002250                KernelLoadBuffer
                0x0000000000002254                Kernel
 .data          0x0000000000002258        0x0 /home/hoosiertransfer/htos/build/stage2/c/memory.obj
 .data          0x0000000000002258        0x4 /home/hoosiertransfer/htos/build/stage2/c/stdio.obj
                0x0000000000002258                g_ScreenBuffer
 .data          0x000000000000225c        0x0 /home/hoosiertransfer/htos/build/stage2/c/string.obj
 .data          0x000000000000225c        0x0 /home/hoosiertransfer/htos/toolchain/i686-elf/lib/gcc/i686-elf/11.3.0/libgcc.a(_udivdi3.o)
 .data          0x000000000000225c        0x0 /home/hoosiertransfer/htos/toolchain/i686-elf/lib/gcc/i686-elf/11.3.0/libgcc.a(_umoddi3.o)

.rodata         0x000000000000225c      0x1fa
                0x000000000000225c                __rodata_start = .
 *(.rodata)
 .rodata        0x000000000000225c      0x111 /home/hoosiertransfer/htos/build/stage2/c/fat.obj
 .rodata        0x000000000000236d       0x2f /home/hoosiertransfer/htos/build/stage2/c/main.obj
 .rodata        0x000000000000239c       0xba /home/hoosiertransfer/htos/build/stage2/c/stdio.obj
                0x000000000000239c                SCREEN_WIDTH
                0x00000000000023a0                SCREEN_HEIGHT
                0x00000000000023a4                DEFAULT_COLOR
                0x00000000000023a8                g_HexChars

.eh_frame       0x0000000000002458       0xd8
 .eh_frame      0x0000000000002458       0x64 /home/hoosiertransfer/htos/toolchain/i686-elf/lib/gcc/i686-elf/11.3.0/libgcc.a(_udivdi3.o)
 .eh_frame      0x00000000000024bc       0x74 /home/hoosiertransfer/htos/toolchain/i686-elf/lib/gcc/i686-elf/11.3.0/libgcc.a(_umoddi3.o)

.bss            0x0000000000002530       0x14
                0x0000000000002530                __bss_start = .
 *(.bss)
 .bss           0x0000000000002530        0x0 /home/hoosiertransfer/htos/build/stage2/c/ctype.obj
 .bss           0x0000000000002530        0x0 /home/hoosiertransfer/htos/build/stage2/c/disk.obj
 .bss           0x0000000000002530        0xc /home/hoosiertransfer/htos/build/stage2/c/fat.obj
 .bss           0x000000000000253c        0x0 /home/hoosiertransfer/htos/build/stage2/c/main.obj
 .bss           0x000000000000253c        0x0 /home/hoosiertransfer/htos/build/stage2/c/memory.obj
 .bss           0x000000000000253c        0x8 /home/hoosiertransfer/htos/build/stage2/c/stdio.obj
                0x000000000000253c                g_ScreenX
                0x0000000000002540                g_ScreenY
 .bss           0x0000000000002544        0x0 /home/hoosiertransfer/htos/build/stage2/c/string.obj
 .bss           0x0000000000002544        0x0 /home/hoosiertransfer/htos/toolchain/i686-elf/lib/gcc/i686-elf/11.3.0/libgcc.a(_udivdi3.o)
 .bss           0x0000000000002544        0x0 /home/hoosiertransfer/htos/toolchain/i686-elf/lib/gcc/i686-elf/11.3.0/libgcc.a(_umoddi3.o)
                0x0000000000002544                __end = .
OUTPUT(/home/hoosiertransfer/htos/build/stage2.bin binary)

.debug_info     0x0000000000000000     0x1f17
 .debug_info    0x0000000000000000       0xcb /home/hoosiertransfer/htos/build/stage2/c/ctype.obj
 .debug_info    0x00000000000000cb      0x2b1 /home/hoosiertransfer/htos/build/stage2/c/disk.obj
 .debug_info    0x000000000000037c      0x989 /home/hoosiertransfer/htos/build/stage2/c/fat.obj
 .debug_info    0x0000000000000d05      0x2bf /home/hoosiertransfer/htos/build/stage2/c/main.obj
 .debug_info    0x0000000000000fc4      0x1e8 /home/hoosiertransfer/htos/build/stage2/c/memory.obj
 .debug_info    0x00000000000011ac      0x5ca /home/hoosiertransfer/htos/build/stage2/c/stdio.obj
 .debug_info    0x0000000000001776      0x132 /home/hoosiertransfer/htos/build/stage2/c/string.obj
 .debug_info    0x00000000000018a8      0x32c /home/hoosiertransfer/htos/toolchain/i686-elf/lib/gcc/i686-elf/11.3.0/libgcc.a(_udivdi3.o)
 .debug_info    0x0000000000001bd4      0x343 /home/hoosiertransfer/htos/toolchain/i686-elf/lib/gcc/i686-elf/11.3.0/libgcc.a(_umoddi3.o)

.debug_abbrev   0x0000000000000000      0xb9e
 .debug_abbrev  0x0000000000000000       0x77 /home/hoosiertransfer/htos/build/stage2/c/ctype.obj
 .debug_abbrev  0x0000000000000077      0x140 /home/hoosiertransfer/htos/build/stage2/c/disk.obj
 .debug_abbrev  0x00000000000001b7      0x24d /home/hoosiertransfer/htos/build/stage2/c/fat.obj
 .debug_abbrev  0x0000000000000404      0x14c /home/hoosiertransfer/htos/build/stage2/c/main.obj
 .debug_abbrev  0x0000000000000550       0xe2 /home/hoosiertransfer/htos/build/stage2/c/memory.obj
 .debug_abbrev  0x0000000000000632      0x1f8 /home/hoosiertransfer/htos/build/stage2/c/stdio.obj
 .debug_abbrev  0x000000000000082a       0xa8 /home/hoosiertransfer/htos/build/stage2/c/string.obj
 .debug_abbrev  0x00000000000008d2      0x15b /home/hoosiertransfer/htos/toolchain/i686-elf/lib/gcc/i686-elf/11.3.0/libgcc.a(_udivdi3.o)
 .debug_abbrev  0x0000000000000a2d      0x171 /home/hoosiertransfer/htos/toolchain/i686-elf/lib/gcc/i686-elf/11.3.0/libgcc.a(_umoddi3.o)

.debug_aranges  0x0000000000000000      0x120
 .debug_aranges
                0x0000000000000000       0x20 /home/hoosiertransfer/htos/build/stage2/c/ctype.obj
 .debug_aranges
                0x0000000000000020       0x20 /home/hoosiertransfer/htos/build/stage2/c/disk.obj
 .debug_aranges
                0x0000000000000040       0x20 /home/hoosiertransfer/htos/build/stage2/c/fat.obj
 .debug_aranges
                0x0000000000000060       0x20 /home/hoosiertransfer/htos/build/stage2/c/main.obj
 .debug_aranges
                0x0000000000000080       0x20 /home/hoosiertransfer/htos/build/stage2/c/memory.obj
 .debug_aranges
                0x00000000000000a0       0x20 /home/hoosiertransfer/htos/build/stage2/c/stdio.obj
 .debug_aranges
                0x00000000000000c0       0x20 /home/hoosiertransfer/htos/build/stage2/c/string.obj
 .debug_aranges
                0x00000000000000e0       0x20 /home/hoosiertransfer/htos/toolchain/i686-elf/lib/gcc/i686-elf/11.3.0/libgcc.a(_udivdi3.o)
 .debug_aranges
                0x0000000000000100       0x20 /home/hoosiertransfer/htos/toolchain/i686-elf/lib/gcc/i686-elf/11.3.0/libgcc.a(_umoddi3.o)

.debug_line     0x0000000000000000     0x1004
 .debug_line    0x0000000000000000       0x88 /home/hoosiertransfer/htos/build/stage2/c/ctype.obj
 .debug_line    0x0000000000000088       0xee /home/hoosiertransfer/htos/build/stage2/c/disk.obj
 .debug_line    0x0000000000000176      0x4c1 /home/hoosiertransfer/htos/build/stage2/c/fat.obj
 .debug_line    0x0000000000000637       0xab /home/hoosiertransfer/htos/build/stage2/c/main.obj
 .debug_line    0x00000000000006e2       0xe8 /home/hoosiertransfer/htos/build/stage2/c/memory.obj
 .debug_line    0x00000000000007ca      0x455 /home/hoosiertransfer/htos/build/stage2/c/stdio.obj
 .debug_line    0x0000000000000c1f       0x97 /home/hoosiertransfer/htos/build/stage2/c/string.obj
 .debug_line    0x0000000000000cb6      0x179 /home/hoosiertransfer/htos/toolchain/i686-elf/lib/gcc/i686-elf/11.3.0/libgcc.a(_udivdi3.o)
 .debug_line    0x0000000000000e2f      0x1d5 /home/hoosiertransfer/htos/toolchain/i686-elf/lib/gcc/i686-elf/11.3.0/libgcc.a(_umoddi3.o)

.debug_str      0x0000000000000000     0x12b5
 .debug_str     0x0000000000000000       0xea /home/hoosiertransfer/htos/build/stage2/c/ctype.obj
 .debug_str     0x00000000000000ea      0x1c5 /home/hoosiertransfer/htos/build/stage2/c/disk.obj
 .debug_str     0x00000000000002af      0x5e7 /home/hoosiertransfer/htos/build/stage2/c/fat.obj
 .debug_str     0x0000000000000896      0x1e2 /home/hoosiertransfer/htos/build/stage2/c/main.obj
 .debug_str     0x0000000000000a78      0x125 /home/hoosiertransfer/htos/build/stage2/c/memory.obj
 .debug_str     0x0000000000000b9d      0x261 /home/hoosiertransfer/htos/build/stage2/c/stdio.obj
 .debug_str     0x0000000000000dfe       0xf1 /home/hoosiertransfer/htos/build/stage2/c/string.obj
 .debug_str     0x0000000000000eef      0x1e3 /home/hoosiertransfer/htos/toolchain/i686-elf/lib/gcc/i686-elf/11.3.0/libgcc.a(_udivdi3.o)
 .debug_str     0x00000000000010d2      0x1e3 /home/hoosiertransfer/htos/toolchain/i686-elf/lib/gcc/i686-elf/11.3.0/libgcc.a(_umoddi3.o)

.debug_line_str
                0x0000000000000000      0x754
 .debug_line_str
                0x0000000000000000       0x7a /home/hoosiertransfer/htos/build/stage2/c/ctype.obj
 .debug_line_str
                0x000000000000007a       0xdf /home/hoosiertransfer/htos/build/stage2/c/disk.obj
 .debug_line_str
                0x0000000000000159       0xfe /home/hoosiertransfer/htos/build/stage2/c/fat.obj
 .debug_line_str
                0x0000000000000257       0xf0 /home/hoosiertransfer/htos/build/stage2/c/main.obj
 .debug_line_str
                0x0000000000000347       0xd8 /home/hoosiertransfer/htos/build/stage2/c/memory.obj
 .debug_line_str
                0x000000000000041f       0xe4 /home/hoosiertransfer/htos/build/stage2/c/stdio.obj
 .debug_line_str
                0x0000000000000503       0x7d /home/hoosiertransfer/htos/build/stage2/c/string.obj
 .debug_line_str
                0x0000000000000580       0xea /home/hoosiertransfer/htos/toolchain/i686-elf/lib/gcc/i686-elf/11.3.0/libgcc.a(_udivdi3.o)
 .debug_line_str
                0x000000000000066a       0xea /home/hoosiertransfer/htos/toolchain/i686-elf/lib/gcc/i686-elf/11.3.0/libgcc.a(_umoddi3.o)

.comment        0x0000000000000000       0xab
 .comment       0x0000000000000000       0x13 /home/hoosiertransfer/htos/build/stage2/c/ctype.obj
 .comment       0x0000000000000013       0x13 /home/hoosiertransfer/htos/build/stage2/c/disk.obj
 .comment       0x0000000000000026       0x13 /home/hoosiertransfer/htos/build/stage2/c/fat.obj
 .comment       0x0000000000000039       0x13 /home/hoosiertransfer/htos/build/stage2/c/main.obj
 .comment       0x000000000000004c       0x13 /home/hoosiertransfer/htos/build/stage2/c/memory.obj
 .comment       0x000000000000005f       0x13 /home/hoosiertransfer/htos/build/stage2/c/stdio.obj
 .comment       0x0000000000000072       0x13 /home/hoosiertransfer/htos/build/stage2/c/string.obj
 .comment       0x0000000000000085       0x13 /home/hoosiertransfer/htos/toolchain/i686-elf/lib/gcc/i686-elf/11.3.0/libgcc.a(_udivdi3.o)
 .comment       0x0000000000000098       0x13 /home/hoosiertransfer/htos/toolchain/i686-elf/lib/gcc/i686-elf/11.3.0/libgcc.a(_umoddi3.o)

.debug_frame    0x0000000000000000      0x570
 .debug_frame   0x0000000000000000       0x54 /home/hoosiertransfer/htos/build/stage2/c/ctype.obj
 .debug_frame   0x0000000000000054       0x80 /home/hoosiertransfer/htos/build/stage2/c/disk.obj
 .debug_frame   0x00000000000000d4      0x184 /home/hoosiertransfer/htos/build/stage2/c/fat.obj
 .debug_frame   0x0000000000000258       0x2c /home/hoosiertransfer/htos/build/stage2/c/main.obj
 .debug_frame   0x0000000000000284       0x74 /home/hoosiertransfer/htos/build/stage2/c/memory.obj
 .debug_frame   0x00000000000002f8      0x204 /home/hoosiertransfer/htos/build/stage2/c/stdio.obj
 .debug_frame   0x00000000000004fc       0x74 /home/hoosiertransfer/htos/build/stage2/c/string.obj

.debug_loclists
                0x0000000000000000      0x9a0
 .debug_loclists
                0x0000000000000000      0x50b /home/hoosiertransfer/htos/toolchain/i686-elf/lib/gcc/i686-elf/11.3.0/libgcc.a(_udivdi3.o)
 .debug_loclists
                0x000000000000050b      0x495 /home/hoosiertransfer/htos/toolchain/i686-elf/lib/gcc/i686-elf/11.3.0/libgcc.a(_umoddi3.o)

.debug_rnglists
                0x0000000000000000       0x4a
 .debug_rnglists
                0x0000000000000000       0x2a /home/hoosiertransfer/htos/toolchain/i686-elf/lib/gcc/i686-elf/11.3.0/libgcc.a(_udivdi3.o)
 .debug_rnglists
                0x000000000000002a       0x20 /home/hoosiertransfer/htos/toolchain/i686-elf/lib/gcc/i686-elf/11.3.0/libgcc.a(_umoddi3.o)
